// Jest Snapshot v1, https://goo.gl/fbAQLP

exports[`<AppHeader /> renders correctly 1`] = `
<div
  className="app-header"
>
  <nav
    className="app-menu"
  >
    <a
      href="/"
      onClick={[Function]}
    >
      User list
    </a>
    <a
      href="/settings"
      onClick={[Function]}
    >
      Settings
    </a>
  </nav>
</div>
`;
